{"app_uuid":"997753b96f4c41d188a0999d6e61c1f5","sql_uuid":"e9f32c03d06044bbafb3ec177cf0432d","trace_sql":"select `z_dept`.*, `z_hosp_member_dept`.`hosp_member_id` as `pivot_hosp_member_id`, `z_hosp_member_dept`.`dept_id` as `pivot_dept_id` from `z_dept` inner join `z_hosp_member_dept` on `z_dept`.`id` = `z_hosp_member_dept`.`dept_id` where `z_hosp_member_dept`.`hosp_member_id` in (24839)","db_host":"192.168.150.96","run_ms":130.03,"biz_created_at":"2022-12-08T17:32:41.031512","trace_context":[],"@req_id":"83d1f55b086b414c8666a630e240c56f-12","@file":"\/var\/www\/common-api\/vendor\/varobj\/sqltrace-laravel\/src\/TraceSqlSchema.php@28","msg":"trace-sql","@timestamp":"2022-12-08 17:32:41.3152"}
